| InconsistentReturnValueHandling.cpp:37:9:37:21 | call to target_func_1 | Function $@ return value is usually compared with numeric literal (3 of 4 times), but this call compares with sizeof(something) | InconsistentReturnValueHandling.cpp:30:5:30:17 | target_func_1 | target_func_1 |
| InconsistentReturnValueHandling.cpp:78:9:78:21 | call to target_func_2 | Function $@ return value is usually compared with sizeof(something) (3 of 4 times), but this call compares with numeric literal | InconsistentReturnValueHandling.cpp:58:5:58:17 | target_func_2 | target_func_2 |
| InconsistentReturnValueHandling.cpp:121:9:121:21 | call to target_func_3 | Function $@ return value is usually compared with sizeof(something) (6 of 8 times), but this call compares with sizeof(athing) | InconsistentReturnValueHandling.cpp:86:5:86:17 | target_func_3 | target_func_3 |
| InconsistentReturnValueHandling.cpp:127:9:127:21 | call to target_func_3 | Function $@ return value is usually compared with sizeof(something) (6 of 8 times), but this call compares with sizeof(athing) | InconsistentReturnValueHandling.cpp:86:5:86:17 | target_func_3 | target_func_3 |
| InconsistentReturnValueHandling.cpp:194:13:194:25 | call to target_func_4 | Function $@ return value is usually compared with numeric literal (8 of 9 times), but this call compares with bool | InconsistentReturnValueHandling.cpp:201:5:201:28 | target_func_4 | target_func_4 |
| InconsistentReturnValueHandling.cpp:226:9:226:21 | call to target_func_5 | Function $@ return value is usually compared with null (3 of 4 times), but this call compares with pointer | InconsistentReturnValueHandling.cpp:206:6:206:18 | target_func_5 | target_func_5 |
| InconsistentReturnValueHandling.cpp:255:9:255:21 | call to target_func_6 | Function $@ return value is usually compared with some function's return value (3 of 4 times), but this call compares with sizeof(something) | InconsistentReturnValueHandling.cpp:235:6:235:18 | target_func_6 | target_func_6 |
| InconsistentReturnValueHandling.cpp:286:9:286:21 | call to target_func_7 | Function $@ return value is usually compared within call to some function (3 of 4 times), but this call compares with some function's return value | InconsistentReturnValueHandling.cpp:263:6:263:18 | target_func_7 | target_func_7 |
| InconsistentReturnValueHandling.cpp:317:9:317:21 | call to target_func_8 | Function $@ return value is usually compared with arithmetic expression (3 of 4 times), but this call compares with numeric literal | InconsistentReturnValueHandling.cpp:294:6:294:18 | target_func_8 | target_func_8 |
| InconsistentReturnValueHandling.cpp:347:20:347:32 | call to target_func_9 | Function $@ return value is usually compared with null (3 of 4 times), but this call compares with numeric literal | InconsistentReturnValueHandling.cpp:325:6:325:18 | target_func_9 | target_func_9 |
