| InconsistentReturnValueHandling.cpp:51:9:51:21 | call to target_func_1 | Function $@ return value is usually compared with numeric literal (3 of 4 times), but this call compares with sizeof(something) $@ | InconsistentReturnValueHandling.cpp:30:5:30:17 | target_func_1 | target_func_1 | InconsistentReturnValueHandling.cpp:51:5:53:5 | if (...) ...  | here |
| InconsistentReturnValueHandling.cpp:77:9:77:21 | call to target_func_2 | Function $@ return value is usually compared with sizeof(something) (3 of 4 times), but this call compares with numeric literal $@ | InconsistentReturnValueHandling.cpp:57:5:57:17 | target_func_2 | target_func_2 | InconsistentReturnValueHandling.cpp:79:5:81:5 | if (...) ...  | here |
| InconsistentReturnValueHandling.cpp:120:9:120:21 | call to target_func_3 | Function $@ return value is usually compared with sizeof(something) (6 of 8 times), but this call compares with sizeof(athing) $@ | InconsistentReturnValueHandling.cpp:85:5:85:17 | target_func_3 | target_func_3 | InconsistentReturnValueHandling.cpp:122:5:124:5 | if (...) ...  | here |
| InconsistentReturnValueHandling.cpp:126:9:126:21 | call to target_func_3 | Function $@ return value is usually compared with sizeof(something) (6 of 8 times), but this call compares with sizeof(athing) $@ | InconsistentReturnValueHandling.cpp:85:5:85:17 | target_func_3 | target_func_3 | InconsistentReturnValueHandling.cpp:128:5:130:5 | if (...) ...  | here |
| InconsistentReturnValueHandling.cpp:193:13:193:25 | call to target_func_4 | Function $@ return value is usually compared with numeric literal (8 of 9 times), but this call compares with bool $@ | InconsistentReturnValueHandling.cpp:200:5:200:28 | target_func_4 | target_func_4 | InconsistentReturnValueHandling.cpp:195:5:197:5 | if (...) ...  | here |
| InconsistentReturnValueHandling.cpp:225:9:225:21 | call to target_func_5 | Function $@ return value is usually compared with null (3 of 4 times), but this call compares with pointer $@ | InconsistentReturnValueHandling.cpp:205:6:205:18 | target_func_5 | target_func_5 | InconsistentReturnValueHandling.cpp:228:5:230:5 | if (...) ...  | here |
| InconsistentReturnValueHandling.cpp:254:9:254:21 | call to target_func_6 | Function $@ return value is usually compared with some function's return value (3 of 4 times), but this call compares with sizeof(something) $@ | InconsistentReturnValueHandling.cpp:234:6:234:18 | target_func_6 | target_func_6 | InconsistentReturnValueHandling.cpp:256:5:258:5 | if (...) ...  | here |
| InconsistentReturnValueHandling.cpp:285:9:285:21 | call to target_func_7 | Function $@ return value is usually compared within a function (3 of 4 times), but this call compares with some function's return value $@ | InconsistentReturnValueHandling.cpp:262:6:262:18 | target_func_7 | target_func_7 | InconsistentReturnValueHandling.cpp:287:5:289:5 | if (...) ...  | here |
| InconsistentReturnValueHandling.cpp:316:9:316:21 | call to target_func_8 | Function $@ return value is usually compared with arithmetic expression (3 of 4 times), but this call compares with numeric literal $@ | InconsistentReturnValueHandling.cpp:293:6:293:18 | target_func_8 | target_func_8 | InconsistentReturnValueHandling.cpp:318:5:320:5 | if (...) ...  | here |
| InconsistentReturnValueHandling.cpp:346:20:346:32 | call to target_func_9 | Function $@ return value is usually compared with null (3 of 4 times), but this call compares with numeric literal $@ | InconsistentReturnValueHandling.cpp:324:6:324:18 | target_func_9 | target_func_9 | InconsistentReturnValueHandling.cpp:346:5:348:5 | if (...) ...  | here |
| InconsistentReturnValueHandling.cpp:496:9:496:22 | call to target_func_10 | Function $@ return value is usually compared with numeric literal (4 of 5 times), but this call compares with other expression $@ | InconsistentReturnValueHandling.cpp:472:5:472:18 | target_func_10 | target_func_10 | InconsistentReturnValueHandling.cpp:496:5:498:5 | if (...) ...  | here |
| InconsistentReturnValueHandling.cpp:528:9:528:22 | call to target_func_11 | Function $@ return value is usually compared with other expression (4 of 5 times), but this call compares with numeric literal $@ | InconsistentReturnValueHandling.cpp:504:5:504:18 | target_func_11 | target_func_11 | InconsistentReturnValueHandling.cpp:528:5:530:5 | if (...) ...  | here |
| InconsistentReturnValueHandling.cpp:554:9:554:22 | call to target_func_12 | Function $@ return value is usually compared with numeric literal (3 of 4 times), but this call compares with sizeof(something) $@ | InconsistentReturnValueHandling.cpp:534:5:534:18 | target_func_12 | target_func_12 | InconsistentReturnValueHandling.cpp:554:5:556:5 | if (...) ...  | here |
| InconsistentReturnValueHandling.cpp:554:50:554:63 | call to target_func_12 | Function $@ return value is usually compared with numeric literal (3 of 4 times), but this call compares with sizeof(something) $@ | InconsistentReturnValueHandling.cpp:534:5:534:18 | target_func_12 | target_func_12 | InconsistentReturnValueHandling.cpp:554:5:556:5 | if (...) ...  | here |
| InconsistentReturnValueHandling.cpp:688:9:688:22 | call to target_func_13 | Function $@ return value is usually compared with numeric literal (3 of 4 times), but this call compares with sizeof(something) $@ | InconsistentReturnValueHandling.cpp:664:5:664:18 | target_func_13 | target_func_13 | InconsistentReturnValueHandling.cpp:688:5:690:5 | if (...) ...  | here |
| InconsistentReturnValueHandling.cpp:717:16:717:29 | call to target_func_14 | Function $@ return value is usually compared with numeric literal (3 of 4 times), but this call compares with sizeof(something) $@ | InconsistentReturnValueHandling.cpp:694:5:694:18 | target_func_14 | target_func_14 | InconsistentReturnValueHandling.cpp:717:12:719:5 | if (...) ...  | here |
| InconsistentReturnValueHandling.cpp:744:9:744:22 | call to target_func_15 | Function $@ return value is usually compared with numeric literal (3 of 4 times), but this call compares with sizeof(something) $@ | InconsistentReturnValueHandling.cpp:723:5:723:18 | target_func_15 | target_func_15 | InconsistentReturnValueHandling.cpp:744:5:746:5 | if (...) ...  | here |
| InconsistentReturnValueHandling.cpp:769:13:769:26 | call to target_func_16 | Function $@ return value is usually compared with numeric literal (3 of 4 times), but this call compares with sizeof(something) $@ | InconsistentReturnValueHandling.cpp:750:5:750:18 | target_func_16 | target_func_16 | InconsistentReturnValueHandling.cpp:772:5:774:5 | if (...) ...  | here |
