| InconsistentReturnValueHandling.cpp:35:9:35:21 | call to target_func_1 | Function $@ return value is usually compared with numeric literal (3 times), but this call compares with sizeof(something) | InconsistentReturnValueHandling.cpp:28:5:28:17 | target_func_1 | target_func_1 |
| InconsistentReturnValueHandling.cpp:76:9:76:21 | call to target_func_2 | Function $@ return value is usually compared with sizeof(something) (3 times), but this call compares with numeric literal | InconsistentReturnValueHandling.cpp:56:5:56:17 | target_func_2 | target_func_2 |
| InconsistentReturnValueHandling.cpp:116:9:116:21 | call to target_func_3 | Function $@ return value is usually compared with sizeof(something) (6 times), but this call compares with sizeof(athing) | InconsistentReturnValueHandling.cpp:84:5:84:17 | target_func_3 | target_func_3 |
| InconsistentReturnValueHandling.cpp:188:13:188:25 | call to target_func_4 | Function $@ return value is usually compared with numeric literal (8 times), but this call compares with bool | InconsistentReturnValueHandling.cpp:195:5:195:28 | target_func_4 | target_func_4 |
| InconsistentReturnValueHandling.cpp:221:9:221:21 | call to target_func_5 | Function $@ return value is usually compared with null (3 times), but this call compares with pointer | InconsistentReturnValueHandling.cpp:201:6:201:18 | target_func_5 | target_func_5 |
| InconsistentReturnValueHandling.cpp:250:9:250:21 | call to target_func_6 | Function $@ return value is usually compared with some function's return value (3 times), but this call compares with sizeof(something) | InconsistentReturnValueHandling.cpp:230:6:230:18 | target_func_6 | target_func_6 |
| InconsistentReturnValueHandling.cpp:281:9:281:21 | call to target_func_7 | Function $@ return value is usually compared within call to some function (3 times), but this call compares with some function's return value | InconsistentReturnValueHandling.cpp:258:6:258:18 | target_func_7 | target_func_7 |
| InconsistentReturnValueHandling.cpp:312:9:312:21 | call to target_func_8 | Function $@ return value is usually compared with arithmetic expression (3 times), but this call compares with numeric literal | InconsistentReturnValueHandling.cpp:289:6:289:18 | target_func_8 | target_func_8 |
