edges
| PotentiallyUnguardedProtocolHandler.java:10:22:10:48 | getParameter(...) : String | PotentiallyUnguardedProtocolHandler.java:11:45:11:47 | url : String | provenance | Src:MaD:46190  |
| PotentiallyUnguardedProtocolHandler.java:11:45:11:47 | url : String | PotentiallyUnguardedProtocolHandler.java:11:37:11:48 | new URI(...) | provenance | MaD:44428 Sink:MaD:43969 |
| PotentiallyUnguardedProtocolHandler.java:20:22:20:48 | getParameter(...) : String | PotentiallyUnguardedProtocolHandler.java:21:27:21:29 | url : String | provenance | Src:MaD:46190  |
| PotentiallyUnguardedProtocolHandler.java:21:19:21:30 | new URI(...) : URI | PotentiallyUnguardedProtocolHandler.java:23:41:23:43 | uri | provenance | Sink:MaD:43969 |
| PotentiallyUnguardedProtocolHandler.java:21:27:21:29 | url : String | PotentiallyUnguardedProtocolHandler.java:21:19:21:30 | new URI(...) : URI | provenance | MaD:44428 |
| PotentiallyUnguardedProtocolHandler.java:34:22:34:48 | getParameter(...) : String | PotentiallyUnguardedProtocolHandler.java:35:27:35:29 | url : String | provenance | Src:MaD:46190  |
| PotentiallyUnguardedProtocolHandler.java:35:19:35:30 | new URI(...) : URI | PotentiallyUnguardedProtocolHandler.java:39:41:39:43 | uri | provenance | Sink:MaD:43969 |
| PotentiallyUnguardedProtocolHandler.java:35:27:35:29 | url : String | PotentiallyUnguardedProtocolHandler.java:35:19:35:30 | new URI(...) : URI | provenance | MaD:44428 |
| PotentiallyUnguardedProtocolHandler.java:59:22:59:48 | getParameter(...) : String | PotentiallyUnguardedProtocolHandler.java:61:35:61:79 | ... + ... | provenance | Src:MaD:46190 Sink:MaD:44131 |
| PotentiallyUnguardedProtocolHandler.java:78:22:78:48 | getParameter(...) : String | PotentiallyUnguardedProtocolHandler.java:83:39:83:83 | ... + ... | provenance | Src:MaD:46190 Sink:MaD:44131 |
nodes
| PotentiallyUnguardedProtocolHandler.java:10:22:10:48 | getParameter(...) : String | semmle.label | getParameter(...) : String |
| PotentiallyUnguardedProtocolHandler.java:11:37:11:48 | new URI(...) | semmle.label | new URI(...) |
| PotentiallyUnguardedProtocolHandler.java:11:45:11:47 | url : String | semmle.label | url : String |
| PotentiallyUnguardedProtocolHandler.java:20:22:20:48 | getParameter(...) : String | semmle.label | getParameter(...) : String |
| PotentiallyUnguardedProtocolHandler.java:21:19:21:30 | new URI(...) : URI | semmle.label | new URI(...) : URI |
| PotentiallyUnguardedProtocolHandler.java:21:27:21:29 | url : String | semmle.label | url : String |
| PotentiallyUnguardedProtocolHandler.java:23:41:23:43 | uri | semmle.label | uri |
| PotentiallyUnguardedProtocolHandler.java:34:22:34:48 | getParameter(...) : String | semmle.label | getParameter(...) : String |
| PotentiallyUnguardedProtocolHandler.java:35:19:35:30 | new URI(...) : URI | semmle.label | new URI(...) : URI |
| PotentiallyUnguardedProtocolHandler.java:35:27:35:29 | url : String | semmle.label | url : String |
| PotentiallyUnguardedProtocolHandler.java:39:41:39:43 | uri | semmle.label | uri |
| PotentiallyUnguardedProtocolHandler.java:59:22:59:48 | getParameter(...) : String | semmle.label | getParameter(...) : String |
| PotentiallyUnguardedProtocolHandler.java:61:35:61:79 | ... + ... | semmle.label | ... + ... |
| PotentiallyUnguardedProtocolHandler.java:78:22:78:48 | getParameter(...) : String | semmle.label | getParameter(...) : String |
| PotentiallyUnguardedProtocolHandler.java:83:39:83:83 | ... + ... | semmle.label | ... + ... |
subpaths
#select
| PotentiallyUnguardedProtocolHandler.java:11:9:11:49 | browse(...) | PotentiallyUnguardedProtocolHandler.java:10:22:10:48 | getParameter(...) : String | PotentiallyUnguardedProtocolHandler.java:11:37:11:48 | new URI(...) | Desktop.browse() is called with untrusted input from $@ without proper URL scheme validation. | PotentiallyUnguardedProtocolHandler.java:10:22:10:48 | getParameter(...) | this source |
| PotentiallyUnguardedProtocolHandler.java:23:13:23:44 | browse(...) | PotentiallyUnguardedProtocolHandler.java:20:22:20:48 | getParameter(...) : String | PotentiallyUnguardedProtocolHandler.java:23:41:23:43 | uri | Desktop.browse() is called with untrusted input from $@ without proper URL scheme validation. | PotentiallyUnguardedProtocolHandler.java:20:22:20:48 | getParameter(...) | this source |
| PotentiallyUnguardedProtocolHandler.java:39:13:39:44 | browse(...) | PotentiallyUnguardedProtocolHandler.java:34:22:34:48 | getParameter(...) : String | PotentiallyUnguardedProtocolHandler.java:39:41:39:43 | uri | Desktop.browse() is called with untrusted input from $@ without proper URL scheme validation. | PotentiallyUnguardedProtocolHandler.java:34:22:34:48 | getParameter(...) | this source |
| PotentiallyUnguardedProtocolHandler.java:61:35:61:79 | ... + ... | PotentiallyUnguardedProtocolHandler.java:59:22:59:48 | getParameter(...) : String | PotentiallyUnguardedProtocolHandler.java:61:35:61:79 | ... + ... | rundll32 url.dll,FileProtocolHandler is called with untrusted input from $@ without proper URL scheme validation. | PotentiallyUnguardedProtocolHandler.java:59:22:59:48 | getParameter(...) | this source |
| PotentiallyUnguardedProtocolHandler.java:83:39:83:83 | ... + ... | PotentiallyUnguardedProtocolHandler.java:78:22:78:48 | getParameter(...) : String | PotentiallyUnguardedProtocolHandler.java:83:39:83:83 | ... + ... | rundll32 url.dll,FileProtocolHandler is called with untrusted input from $@ without proper URL scheme validation. | PotentiallyUnguardedProtocolHandler.java:78:22:78:48 | getParameter(...) | this source |
