| DecOverflowWhenComparing.c:32:31:32:39 | ... -- | Unsigned decrementation in comparison ($@) - $@ | DecOverflowWhenComparing.c:32:26:32:39 | ... != ... | ... != ... | DecOverflowWhenComparing.c:16:9:16:15 | datalen | datalen |
| DecOverflowWhenComparing.c:53:12:53:14 | ... -- | Unsigned decrementation in comparison ($@) - $@ | DecOverflowWhenComparing.c:53:12:53:18 | ... > ... | ... > ... | DecOverflowWhenComparing.c:56:9:56:9 | n | n |
| DecOverflowWhenComparing.c:61:9:61:11 | ... -- | Unsigned decrementation in comparison ($@) - $@ | DecOverflowWhenComparing.c:61:9:61:16 | ... != ... | ... != ... | DecOverflowWhenComparing.c:64:9:64:9 | n | n |
| DecOverflowWhenComparing.c:92:16:92:18 | ... -- | Unsigned decrementation in comparison ($@) - $@ | DecOverflowWhenComparing.c:92:12:92:18 | ... < ... | ... < ... | DecOverflowWhenComparing.c:95:9:95:9 | n | n |
| DecOverflowWhenComparing.c:100:9:100:11 | ... -- | Unsigned decrementation in comparison ($@) - $@ | DecOverflowWhenComparing.c:100:9:100:16 | ... == ... | ... == ... | DecOverflowWhenComparing.c:101:13:101:13 | n | n |
| DecOverflowWhenComparing.c:109:14:109:16 | ... -- | Unsigned decrementation in comparison ($@) - $@ | DecOverflowWhenComparing.c:109:14:109:20 | ... > ... | ... > ... | DecOverflowWhenComparing.c:110:9:110:9 | n | n |
| DecOverflowWhenComparing.c:115:9:115:11 | ... -- | Unsigned decrementation in comparison ($@) - $@ | DecOverflowWhenComparing.c:115:9:115:16 | ... != ... | ... != ... | DecOverflowWhenComparing.c:121:9:121:9 | n | n |
