| test.cpp:72:17:72:21 | (int)... | Implicit cast from unsigned long to int (truncation) |
| test.cpp:73:20:73:24 | (int)... | Implicit cast from unsigned long to int (truncation) |
| test.cpp:74:23:74:27 | (int)... | Implicit cast from unsigned long to int (truncation) |
| test.cpp:75:28:75:32 | (int)... | Implicit cast from unsigned long to int (truncation) |
| test.cpp:80:36:80:40 | (int)... | Implicit cast from unsigned long to int (truncation) |
| test.cpp:88:17:88:21 | (int)... | Implicit cast from unsigned long to int (truncation) |
| test.cpp:94:17:94:21 | (unsigned int)... | Implicit cast from unsigned long to unsigned int (truncation) |
| test.cpp:100:17:100:21 | (unsigned int)... | Implicit cast from unsigned long to unsigned int (truncation) |
| test.cpp:106:17:106:21 | (int)... | Implicit cast from long to int (truncation) |
| test.cpp:114:17:114:17 | (int)... | Implicit cast from unsigned long to int (truncation) |
| test.cpp:121:17:121:21 | (int)... | Implicit cast from unsigned int to int (reinterpretation) |
| test.cpp:121:28:121:28 | (int)... | Implicit cast from unsigned int to int (reinterpretation) |
| test.cpp:127:17:127:21 | (unsigned short)... | Implicit cast from unsigned long to unsigned short (truncation) |
| test.cpp:133:17:133:21 | (int)... | Implicit cast from unsigned long to int (truncation) |
| test.cpp:140:17:140:18 | (unsigned short)... | Implicit cast from unsigned long to unsigned short (truncation) |
| test.cpp:146:17:146:21 | (int)... | Implicit cast from unsigned int to int (reinterpretation) |
| test.cpp:151:17:151:26 | (int)... | Implicit cast from unsigned int to int (reinterpretation) |
| test.cpp:157:17:157:21 | (unsigned int)... | Implicit cast from long to unsigned int (truncation) |
| test.cpp:163:17:163:50 | (uint16_t)... | Implicit cast from int to unsigned short (truncation) |
| test.cpp:170:24:170:24 | (unsigned int)... | Implicit cast from short to unsigned int (widening) |
| test.cpp:176:18:176:20 | (int)... | Implicit cast from unsigned short to int (promotion with bitwise complement) |
| test.cpp:277:12:277:47 | (unsigned int)... | Implicit cast from int to unsigned int (reinterpretation) |
| test.cpp:308:35:308:37 | (int)... | Implicit cast from unsigned short to int (promotion with bitwise complement) |
