| DeferReleaseInLoop.go:22:3:22:17 | defer statement | Deferred Close() of resource acquired from $@ in a loop will not execute until the function returns, leaking resources across iterations. | DeferReleaseInLoop.go:18:13:18:25 | call to Open | Open() |
| DeferReleaseInLoop.go:34:3:34:17 | defer statement | Deferred Close() of resource acquired from $@ in a loop will not execute until the function returns, leaking resources across iterations. | DeferReleaseInLoop.go:30:13:30:52 | call to Create | Create() |
| DeferReleaseInLoop.go:46:3:46:17 | defer statement | Deferred Close() of resource acquired from $@ in a loop will not execute until the function returns, leaking resources across iterations. | DeferReleaseInLoop.go:42:13:42:45 | call to OpenFile | OpenFile() |
| DeferReleaseInLoop.go:58:3:58:17 | defer statement | Deferred Close() of resource acquired from $@ in a loop will not execute until the function returns, leaking resources across iterations. | DeferReleaseInLoop.go:54:13:54:39 | call to CreateTemp | CreateTemp() |
| DeferReleaseInLoop.go:70:3:70:25 | defer statement | Deferred Close() of resource acquired from $@ in a loop will not execute until the function returns, leaking resources across iterations. | DeferReleaseInLoop.go:66:16:66:28 | call to Get | Get() |
| DeferReleaseInLoop.go:83:3:83:25 | defer statement | Deferred Close() of resource acquired from $@ in a loop will not execute until the function returns, leaking resources across iterations. | DeferReleaseInLoop.go:79:16:79:29 | call to Do | Do() |
| DeferReleaseInLoop.go:95:3:95:20 | defer statement | Deferred Close() of resource acquired from $@ in a loop will not execute until the function returns, leaking resources across iterations. | DeferReleaseInLoop.go:91:16:91:36 | call to Dial | Dial() |
| DeferReleaseInLoop.go:107:3:107:18 | defer statement | Deferred Close() of resource acquired from $@ in a loop will not execute until the function returns, leaking resources across iterations. | DeferReleaseInLoop.go:103:14:103:40 | call to Listen | Listen() |
| DeferReleaseInLoop.go:124:3:124:18 | defer statement | Deferred Close() of resource acquired from $@ in a loop will not execute until the function returns, leaking resources across iterations. | DeferReleaseInLoop.go:119:14:119:30 | call to NewReader | NewReader() |
| DeferReleaseInLoop.go:125:3:125:17 | defer statement | Deferred Close() of resource acquired from $@ in a loop will not execute until the function returns, leaking resources across iterations. | DeferReleaseInLoop.go:115:13:115:25 | call to Open | Open() |
| DeferReleaseInLoop.go:142:3:142:18 | defer statement | Deferred Close() of resource acquired from $@ in a loop will not execute until the function returns, leaking resources across iterations. | DeferReleaseInLoop.go:137:14:137:30 | call to NewReader | NewReader() |
| DeferReleaseInLoop.go:143:3:143:17 | defer statement | Deferred Close() of resource acquired from $@ in a loop will not execute until the function returns, leaking resources across iterations. | DeferReleaseInLoop.go:133:13:133:25 | call to Open | Open() |
| DeferReleaseInLoop.go:155:3:155:18 | defer statement | Deferred Close() of resource acquired from $@ in a loop will not execute until the function returns, leaking resources across iterations. | DeferReleaseInLoop.go:151:14:151:33 | call to OpenReader | OpenReader() |
| DeferReleaseInLoop.go:168:4:168:18 | defer statement | Deferred Close() of resource acquired from $@ in a loop will not execute until the function returns, leaking resources across iterations. | DeferReleaseInLoop.go:164:14:164:26 | call to Open | Open() |
