edges
| PotentiallyUnguardedProtocolHandler.cpp:27:11:27:13 | read output argument | PotentiallyUnguardedProtocolHandler.cpp:28:29:28:31 | *buf | provenance |  |
| PotentiallyUnguardedProtocolHandler.cpp:39:11:39:13 | read output argument | PotentiallyUnguardedProtocolHandler.cpp:42:31:42:33 | *buf | provenance |  |
nodes
| PotentiallyUnguardedProtocolHandler.cpp:27:11:27:13 | read output argument | semmle.label | read output argument |
| PotentiallyUnguardedProtocolHandler.cpp:28:29:28:31 | *buf | semmle.label | *buf |
| PotentiallyUnguardedProtocolHandler.cpp:39:11:39:13 | read output argument | semmle.label | read output argument |
| PotentiallyUnguardedProtocolHandler.cpp:42:31:42:33 | *buf | semmle.label | *buf |
subpaths
#select
| PotentiallyUnguardedProtocolHandler.cpp:28:3:28:27 | call to openUrl | PotentiallyUnguardedProtocolHandler.cpp:27:11:27:13 | read output argument | PotentiallyUnguardedProtocolHandler.cpp:28:29:28:31 | *buf | QDesktopServices::openUrl() is called with untrusted input from $@ without proper URL scheme validation. | PotentiallyUnguardedProtocolHandler.cpp:27:11:27:13 | read output argument | this source |
| PotentiallyUnguardedProtocolHandler.cpp:42:5:42:29 | call to openUrl | PotentiallyUnguardedProtocolHandler.cpp:39:11:39:13 | read output argument | PotentiallyUnguardedProtocolHandler.cpp:42:31:42:33 | *buf | QDesktopServices::openUrl() is called with untrusted input from $@ without proper URL scheme validation. | PotentiallyUnguardedProtocolHandler.cpp:39:11:39:13 | read output argument | this source |
