| AsyncUnsafeSignalHandler.c:32:6:32:19 | unsafe_handler | is a non-trivial signal handler that uses not async-safe functions. Delivery of new signals may be not blocked when the handler executes. Handler is registered by $@ | AsyncUnsafeSignalHandler.c:111:9:111:14 | call to signal | call to signal |
| AsyncUnsafeSignalHandler.c:32:6:32:19 | unsafe_handler | is a non-trivial signal handler that uses not async-safe functions. Delivery of new signals may be not blocked when the handler executes. Handler is registered by $@ | AsyncUnsafeSignalHandler.c:163:9:163:14 | call to signal | call to signal |
| AsyncUnsafeSignalHandler.c:36:6:36:20 | unsafe_handler2 | is a non-trivial signal handler that uses not async-safe functions. Delivery of new signals may be not blocked when the handler executes. Handler is registered by $@ | AsyncUnsafeSignalHandler.c:121:9:121:17 | call to sigaction | call to sigaction |
| AsyncUnsafeSignalHandler.c:36:6:36:20 | unsafe_handler2 | is a non-trivial signal handler that uses not async-safe functions. Delivery of new signals may be not blocked when the handler executes. Handler is registered by $@ | AsyncUnsafeSignalHandler.c:128:9:128:17 | call to sigaction | call to sigaction |
| AsyncUnsafeSignalHandler.c:36:6:36:20 | unsafe_handler2 | is a non-trivial signal handler that uses not async-safe functions. Handler is registered by $@ | AsyncUnsafeSignalHandler.c:139:9:139:17 | call to sigaction | call to sigaction |
| AsyncUnsafeSignalHandler.c:43:6:43:20 | unsafe_handler3 | is a non-trivial signal handler that uses not async-safe functions. Handler is registered by $@ | AsyncUnsafeSignalHandler.c:147:9:147:17 | call to sigaction | call to sigaction |
| AsyncUnsafeSignalHandler.c:43:6:43:20 | unsafe_handler3 | is a non-trivial signal handler that uses not async-safe functions. Handler is registered by $@ | AsyncUnsafeSignalHandler.c:156:9:156:17 | call to sigaction | call to sigaction |
| AsyncUnsafeSignalHandler.c:76:13:76:22 | df_handler | is a non-trivial signal handler that uses not async-safe functions. Handler is registered by $@ | AsyncUnsafeSignalHandler.c:88:6:88:14 | call to sigaction | call to sigaction |
