| AsyncUnsafeSignalHandler.c:23:6:23:19 | unsafe_handler | is a non-trivial signal handler that may be using functions that are not async-safe. |
| AsyncUnsafeSignalHandler.c:27:6:27:20 | unsafe_handler2 | is a non-trivial signal handler that may be using functions that are not async-safe. |
| AsyncUnsafeSignalHandler.c:34:6:34:20 | unsafe_handler3 | is a non-trivial signal handler that may be using functions that are not async-safe. |
